Microchip MPLAB XC8 Compiler V2.32

Linker command line:

-W-3 --edf=C:\Program Files\Microchip\xc8\v2.32\pic\dat\en_msgs.txt -cn \
  -h+dist/default/production\mini-proj-yafet12.X.production.sym \
  --cmf=dist/default/production\mini-proj-yafet12.X.production.cmf -z \
  -Q18F67K40 -oC:\Users\yafet\AppData\Local\Temp\xcAsico.4 \
  --defsym=__MPLAB_BUILD=1 \
  -Mdist/default/production/mini-proj-yafet12.X.production.map -E1 \
  -ver=XC8 Compiler --acfsm=1493 -ASTACK=060h-0DE9h -pstack=STACK \
  -ACODE=00h-01FFFFh -ACONST=00h-01FFFFh -ASMALLCONST=0E00h-0EFFhx498 \
  -AMEDIUMCONST=0E00h-0FFFFh,010E00h-01FFFFh -ACOMRAM=01h-05Fh \
  -AABS1=00h-0DE9h -ABIGRAM=01h-0DE9h \
  -ARAM=060h-0FFh,0100h-01FFhx12,0D00h-0DE9h -ABANK0=060h-0FFh \
  -ABANK1=0100h-01FFh -ABANK2=0200h-02FFh -ABANK3=0300h-03FFh \
  -ABANK4=0400h-04FFh -ABANK5=0500h-05FFh -ABANK6=0600h-06FFh \
  -ABANK7=0700h-07FFh -ABANK8=0800h-08FFh -ABANK9=0900h-09FFh \
  -ABANK10=0A00h-0AFFh -ABANK11=0B00h-0BFFh -ABANK12=0C00h-0CFFh \
  -ABANK13=0D00h-0DE9h \
  -ASFR=0DEFh-0DFFh,0E00h-0EFFh,0F00h-0F5Fh,0F60h-0FFFh \
  -ACONFIG=0300000h-030000Bh -AIDLOC=0200000h-020000Fh \
  -AEEDATA=0310000h-03103FFh -peeprom_data=EEDATA \
  -preset_vec=00h,intcode=08h,intcodelo,powerup,init -pramtop=0E00h \
  -psmallconst=SMALLCONST -pmediumconst=MEDIUMCONST -pconst=CONST \
  -AFARRAM=00h-00h \
  -prdata=COMRAM,nvrram=COMRAM,nvbit=COMRAM,rbss=COMRAM,rbit=COMRAM \
  -pfarbss=FARRAM,fardata=FARRAM,nvFARRAM=FARRAM \
  -pintsave_regs=BIGRAM,bigbss=BIGRAM,bigdata=BIGRAM -pbss=RAM \
  -pidata=CODE,irdata=CODE,ibigdata=CODE,ifardata=CODE -prparam=COMRAM \
  C:\Users\yafet\AppData\Local\Temp\xcAsico.o \
  dist/default/production\mini-proj-yafet12.X.production.o 

Object code version is 3.11

Machine type is 18F67K40



                Name                               Link     Load   Length Selector   Space Scale
C:\Users\yafet\AppData\Local\Temp\xcAsico.o
                idloc                            200000   200000       10        0       5
                config                           300000   300000        C        0       4
                init                                 7C       7C        4        4       0
                reset_vec                             0        0        4        0       0
dist/default/production\mini-proj-yafet12.X.production.o
                intcode                               8        8       74        4       0
                idloc                            200000   200000       10        0       5
                config                           300000   300000        C        0       4
                temp                                 1D       1D        1        1       1
                text11                              29C      29C       4E        4       0
                text10                              2EA      2EA       46        4       0
                text9                               402      402       14        4       0
                text8                               384      384       26        4       0
                text7                               416      416        E        4       0
                text6                                80       80       E0        4       0
                text5                               35E      35E       26        4       0
                text4                               3AA      3AA       24        4       0
                text3                               3CE      3CE       1E        4       0
                text2                               238      238       64        4       0
                text1                               3EC      3EC       16        4       0
                text0                               160      160       D8        4       0
                cstackCOMRAM                         16       16        5        1       1
                dataCOMRAM                           1B       1B        2        1       1
                bssCOMRAM                             1        1       15        1       1
                cinit                               330      330       2E        4       0
                idataCOMRAM                         424      424        2        4       0

TOTAL           Name                               Link     Load   Length     Space
        CLASS   STACK          

        CLASS   CODE           
                intcode                               8        8       74         0
                init                                 7C       7C        4         0
                reset_vec                             0        0        4         0
                text11                              29C      29C       4E         0
                text10                              2EA      2EA       46         0
                text9                               402      402       14         0
                text8                               384      384       26         0
                text7                               416      416        E         0
                text6                                80       80       E0         0
                text5                               35E      35E       26         0
                text4                               3AA      3AA       24         0
                text3                               3CE      3CE       1E         0
                text2                               238      238       64         0
                text1                               3EC      3EC       16         0
                text0                               160      160       D8         0
                cinit                               330      330       2E         0
                idataCOMRAM                         424      424        2         0

        CLASS   CONST          

        CLASS   SMALLCONST     

        CLASS   MEDIUMCONST    

        CLASS   COMRAM         
                temp                                 1D       1D        1         1
                cstackCOMRAM                         16       16        5         1
                dataCOMRAM                           1B       1B        2         1
                bssCOMRAM                             1        1       15         1

        CLASS   ABS1           

        CLASS   BIGRAM         

        CLASS   RAM            

        CLASS   BANK0          

        CLASS   BANK1          

        CLASS   BANK2          

        CLASS   BANK3          

        CLASS   BANK4          

        CLASS   BANK5          

        CLASS   BANK6          

        CLASS   BANK7          

        CLASS   BANK8          

        CLASS   BANK9          

        CLASS   BANK10         

        CLASS   BANK11         

        CLASS   BANK12         

        CLASS   BANK13         

        CLASS   SFR            

        CLASS   CONFIG         
                config                           300000   300000        C         4

        CLASS   IDLOC          
                idloc                            200000   200000       10         5

        CLASS   EEDATA         

        CLASS   FARRAM         



SEGMENTS        Name                           Load    Length   Top    Selector   Space  Class

                reset_vec                      000000  000004  000004         0       0  CODE    
                bssCOMRAM                      000001  00001D  00001E         1       1  COMRAM  
                intcode                        000008  00041E  000426         4       0  CODE    


UNUSED ADDRESS RANGES

        Name                Unused          Largest block    Delta
        BANK0            000060-0000FF               A0
        BANK1            000100-0001FF              100
        BANK10           000A00-000AFF              100
        BANK11           000B00-000BFF              100
        BANK12           000C00-000CFF              100
        BANK13           000D00-000DE9               EA
        BANK2            000200-0002FF              100
        BANK3            000300-0003FF              100
        BANK4            000400-0004FF              100
        BANK5            000500-0005FF              100
        BANK6            000600-0006FF              100
        BANK7            000700-0007FF              100
        BANK8            000800-0008FF              100
        BANK9            000900-0009FF              100
        BIGRAM           00001E-000DE9              DCC
        CODE             000004-000007                4
                         000426-01FFFF            1FBDA
        COMRAM           00001E-00005F               42
        CONST            000004-000007                4
                         000426-01FFFF            1FBDA
        EEDATA           310000-3103FF              400
        MEDIUMCONST      000E00-00FFFF             F200
                         010E00-01FFFF             F200
        RAM              000060-000DE9              100
        SFR              000DEF-000FFF              100
        SMALLCONST       000E00-01FFFF              100
        STACK            000060-000DE9              D8A

                                  Symbol Table

?_Check_if_between_1and5         cstackCOMRAM 000016
?___lwmod                        cstackCOMRAM 000016
Check_Leap_year@year_global      cstackCOMRAM 000016
Check_if_between_1and5@hour      cstackCOMRAM 000016
LEDarray_disp_bin@number         cstackCOMRAM 000016
Reset_time@day                   cstackCOMRAM 000016
_CM1CON0bits                     (abs)        000ED0
_CM1CON1bits                     (abs)        000ED1
_CM1NCHbits                      (abs)        000ED2
_CM1PCHbits                      (abs)        000ED3
_Check_Leap_year                 text11       00029C
_Check_if_between_1and5          text10       0002EA
_Comp1_init                      text8        000384
_DAC1CON0bits                    (abs)        000EC6
_DAC1CON1bits                    (abs)        000EC7
_DAC_init                        text9        000402
_HighISR                         intcode      000008
_INTCONbits                      (abs)        000FF2
_Interrupts_init                 text7        000416
_LATAbits                        (abs)        000F79
_LATBbits                        (abs)        000F7A
_LATFbits                        (abs)        000F7E
_LATGbits                        (abs)        000F7F
_LATHbits                        (abs)        000F80
_LEDarray_disp_bin               text6        000080
_LEDarray_init                   text5        00035E
_PIE0bits                        (abs)        000E29
_PIE2bits                        (abs)        000E2B
_PIR0bits                        (abs)        000E33
_PIR2bits                        (abs)        000E35
_Reset_time                      text4        0003AA
_T0CON0bits                      (abs)        000FD5
_T0CON1bits                      (abs)        000FD6
_TMR0H                           (abs)        000FD4
_TMR0L                           (abs)        000FD3
_TRISAbits                       (abs)        000F81
_TRISBbits                       (abs)        000F82
_TRISFbits                       (abs)        000F86
_TRISGbits                       (abs)        000F87
_TRISHbits                       (abs)        000F88
_Timer0_init                     text3        0003CE
__HRAM                           (abs)        000000
__Habs1                          abs1         000000
__Hbank0                         bank0        000000
__Hbank1                         bank1        000000
__Hbank10                        bank10       000000
__Hbank11                        bank11       000000
__Hbank12                        bank12       000000
__Hbank13                        bank13       000000
__Hbank2                         bank2        000000
__Hbank3                         bank3        000000
__Hbank4                         bank4        000000
__Hbank5                         bank5        000000
__Hbank6                         bank6        000000
__Hbank7                         bank7        000000
__Hbank8                         bank8        000000
__Hbank9                         bank9        000000
__Hbigbss                        bigbss       000000
__Hbigdata                       bigdata      000000
__Hbigram                        bigram       000000
__Hbss                           bss          000000
__HbssCOMRAM                     bssCOMRAM    000000
__Hcinit                         cinit        000000
__Hclrtext                       clrtext      000000
__Hcomram                        comram       000000
__Hconfig                        config       30000C
__Hconst                         const        000000
__HcstackCOMRAM                  cstackCOMRAM 000000
__Hdata                          data         000000
__HdataCOMRAM                    dataCOMRAM   000000
__Heeprom_data                   eeprom_data  000000
__Hfarbss                        farbss       000000
__Hfardata                       fardata      000000
__Hibigdata                      ibigdata     000000
__Hidata                         idata        000000
__HidataCOMRAM                   idataCOMRAM  000000
__Hidloc                         idloc        200010
__Hifardata                      ifardata     000000
__Hinit                          init         000080
__Hintcode                       intcode      00007C
__Hintcode_body                  intcode_body 000000
__Hintcodelo                     intcodelo    00007C
__Hintentry                      intentry     000000
__Hintret                        intret       000000
__Hintsave_regs                  intsave_regs 000000
__Hirdata                        irdata       000000
__Hmediumconst                   mediumconst  000000
__HnvFARRAM                      nvFARRAM     000000
__Hnvbit                         nvbit        000000
__Hnvrram                        nvrram       000000
__Hparam                         rparam       000000
__Hpowerup                       powerup      00007C
__Hram                           ram          000000
__Hramtop                        ramtop       000E00
__Hrbit                          rbit         000000
__Hrbss                          rbss         000000
__Hrdata                         rdata        000000
__Hreset_vec                     reset_vec    000004
__Hrparam                        rparam       000000
__Hsfr                           sfr          000000
__Hsmallconst                    smallconst   000000
__Hspace_0                       (abs)        000E00
__Hspace_1                       (abs)        00001E
__Hspace_2                       (abs)        000000
__Hspace_4                       (abs)        60000C
__Hstack                         stack        000000
__Hstruct                        struct       000000
__Htemp                          temp         00001E
__Htext                          text         000000
__Htext0                         text0        000000
__Htext1                         text1        000000
__Htext10                        text10       000000
__Htext11                        text11       000000
__Htext2                         text2        000000
__Htext3                         text3        000000
__Htext4                         text4        000000
__Htext5                         text5        000000
__Htext6                         text6        000000
__Htext7                         text7        000000
__Htext8                         text8        000000
__Htext9                         text9        000000
__LRAM                           (abs)        000001
__Labs1                          abs1         000000
__Lbank0                         bank0        000000
__Lbank1                         bank1        000000
__Lbank10                        bank10       000000
__Lbank11                        bank11       000000
__Lbank12                        bank12       000000
__Lbank13                        bank13       000000
__Lbank2                         bank2        000000
__Lbank3                         bank3        000000
__Lbank4                         bank4        000000
__Lbank5                         bank5        000000
__Lbank6                         bank6        000000
__Lbank7                         bank7        000000
__Lbank8                         bank8        000000
__Lbank9                         bank9        000000
__Lbigbss                        bigbss       000000
__Lbigdata                       bigdata      000000
__Lbigram                        bigram       000000
__Lbss                           bss          000000
__LbssCOMRAM                     bssCOMRAM    000000
__Lcinit                         cinit        000000
__Lclrtext                       clrtext      000000
__Lcomram                        comram       000000
__Lconfig                        config       000000
__Lconst                         const        000000
__LcstackCOMRAM                  cstackCOMRAM 000000
__Ldata                          data         000000
__LdataCOMRAM                    dataCOMRAM   000000
__Leeprom_data                   eeprom_data  000000
__Lfarbss                        farbss       000000
__Lfardata                       fardata      000000
__Libigdata                      ibigdata     000000
__Lidata                         idata        000000
__LidataCOMRAM                   idataCOMRAM  000000
__Lidloc                         idloc        000000
__Lifardata                      ifardata     000000
__Linit                          init         00007C
__Lintcode                       intcode      000008
__Lintcode_body                  intcode_body 000000
__Lintcodelo                     intcodelo    00007C
__Lintentry                      intentry     000000
__Lintret                        intret       000000
__Lintsave_regs                  intsave_regs 000000
__Lirdata                        irdata       000000
__Lmediumconst                   mediumconst  000000
__LnvFARRAM                      nvFARRAM     000000
__Lnvbit                         nvbit        000000
__Lnvrram                        nvrram       000000
__Lparam                         rparam       000000
__Lpowerup                       powerup      00007C
__Lram                           ram          000000
__Lramtop                        ramtop       000E00
__Lrbit                          rbit         000000
__Lrbss                          rbss         000000
__Lrdata                         rdata        000000
__Lreset_vec                     reset_vec    000000
__Lrparam                        rparam       000000
__Lsfr                           sfr          000000
__Lsmallconst                    smallconst   000000
__Lspace_0                       (abs)        000000
__Lspace_1                       (abs)        000000
__Lspace_2                       (abs)        000000
__Lspace_4                       (abs)        000000
__Lstack                         stack        000000
__Lstruct                        struct       000000
__Ltemp                          temp         00001D
__Ltext                          text         000000
__Ltext0                         text0        000000
__Ltext1                         text1        000000
__Ltext10                        text10       000000
__Ltext11                        text11       000000
__Ltext2                         text2        000000
__Ltext3                         text3        000000
__Ltext4                         text4        000000
__Ltext5                         text5        000000
__Ltext6                         text6        000000
__Ltext7                         text7        000000
__Ltext8                         text8        000000
__Ltext9                         text9        000000
__S0                             (abs)        000426
__S1                             (abs)        00001E
__S2                             (abs)        000000
__S4                             (abs)        000000
__S5                             (abs)        000000
___inthi_sp                      stack        000000
___intlo_sp                      stack        000000
___lwmod                         text2        000238
___lwmod@counter                 cstackCOMRAM 00001A
___lwmod@dividend                cstackCOMRAM 000016
___lwmod@divisor                 cstackCOMRAM 000018
___param_bank                    (abs)        000000
___rparam_used                   (abs)        000001
___sp                            stack        000000
__accesstop                      (abs)        000060
__activetblptr                   (abs)        000000
__end_of_Check_Leap_year         text11       0002EA
__end_of_Check_if_between_1and5  text10       000330
__end_of_Comp1_init              text8        0003AA
__end_of_DAC_init                text9        000416
__end_of_HighISR                 intcode      00007C
__end_of_Interrupts_init         text7        000424
__end_of_LEDarray_disp_bin       text6        000160
__end_of_LEDarray_init           text5        000384
__end_of_Reset_time              text4        0003CE
__end_of_Timer0_init             text3        0003EC
__end_of___lwmod                 text2        00029C
__end_of__initialization         cinit        000354
__end_of_calibration             text1        000402
__end_of_main                    text0        000238
__initialization                 cinit        000330
__mediumconst                    mediumconst  000000
__pbssCOMRAM                     bssCOMRAM    000001
__pcinit                         cinit        000330
__pcstackCOMRAM                  cstackCOMRAM 000016
__pdataCOMRAM                    dataCOMRAM   00001B
__pidataCOMRAM                   idataCOMRAM  000424
__pintcode                       intcode      000008
__ptext0                         text0        000160
__ptext1                         text1        0003EC
__ptext10                        text10       0002EA
__ptext11                        text11       00029C
__ptext2                         text2        000238
__ptext3                         text3        0003CE
__ptext4                         text4        0003AA
__ptext5                         text5        00035E
__ptext6                         text6        000080
__ptext7                         text7        000416
__ptext8                         text8        000384
__ptext9                         text9        000402
__ramtop                         ramtop       000E00
__size_of_Check_Leap_year        (abs)        000000
__size_of_Check_if_between_1and5 (abs)        000000
__size_of_Comp1_init             (abs)        000000
__size_of_DAC_init               (abs)        000000
__size_of_HighISR                (abs)        000000
__size_of_Interrupts_init        (abs)        000000
__size_of_LEDarray_disp_bin      (abs)        000000
__size_of_LEDarray_init          (abs)        000000
__size_of_Reset_time             (abs)        000000
__size_of_Timer0_init            (abs)        000000
__size_of___lwmod                (abs)        000000
__size_of_calibration            (abs)        000000
__size_of_main                   (abs)        000000
__smallconst                     smallconst   000000
_calibration                     text1        0003EC
_count_in_minutes                bssCOMRAM    000011
_day_global                      bssCOMRAM    00000F
_disp_val                        bssCOMRAM    000009
_hour                            bssCOMRAM    000013
_hour_global                     bssCOMRAM    000003
_leap_year                       bssCOMRAM    000015
_leap_year_constant              bssCOMRAM    000005
_main                            text0        000160
_midnight_global                 bssCOMRAM    000001
_night                           bssCOMRAM    00000D
_recorded_minute                 bssCOMRAM    000007
_timer_overflow_flag             bssCOMRAM    00000B
_year_global                     dataCOMRAM   00001B
btemp                            temp         00001D
calibration@hour                 cstackCOMRAM 000016
end_of_initialization            cinit        000354
int$flags                        temp         00001D
intlevel0                        text         000000
intlevel1                        text         000000
intlevel2                        text         000000
intlevel3                        text         000000
isa$std                          (abs)        000001
isa$xinst                        (abs)        000000
stackhi                          (abs)        000DE9
stacklo                          (abs)        000060
start                            init         00007C
start_initialization             cinit        000330
ttemp5                           temp         00001E
ttemp6                           temp         000021
ttemp7                           temp         000025
wtemp8                           temp         00001E


MODULE INFORMATION

Module		Function		Class		Link	Load	Size
timers.c
		_Timer0_init   		CODE           	03CE	0000	30

timers.c estimated size: 30

interrupts.c
		_Interrupts_init		CODE           	0416	0000	14
		_HighISR       		CODE           	0008	0000	116

interrupts.c estimated size: 130

comparator.c
		_Reset_time    		CODE           	03AA	0000	36
		_DAC_init      		CODE           	0402	0000	20
		_calibration   		CODE           	03EC	0000	22
		_Check_Leap_year		CODE           	029C	0000	78
		_Comp1_init    		CODE           	0384	0000	38

comparator.c estimated size: 194

LEDarray.c
		_LEDarray_init 		CODE           	035E	0000	38
		_LEDarray_disp_bin		CODE           	0080	0000	224
		_Check_if_between_1and5		CODE           	02EA	0000	70

LEDarray.c estimated size: 332

C:\Program Files\Microchip\xc8\v2.32\pic\sources\c99\common\lwmod.c
		___lwmod       		CODE           	0238	0000	100

C:\Program Files\Microchip\xc8\v2.32\pic\sources\c99\common\lwmod.c estimated size: 100

shared
		__initialization		CODE           	0330	0000	36

shared estimated size: 36

main.c
		_main          		CODE           	0160	0000	216

main.c estimated size: 216

